MSBuild version 17.14.10+8b8e13593 for .NET Framework

  detours.vcxproj -> C:\Users\selaf\CascadeProjects\ai-traffic-interceptor-2\ai-traffic-interceptor\build\external\detours\Release\detours.lib
  hooks.cpp
C:\Users\selaf\CascadeProjects\ai-traffic-interceptor-2\ai-traffic-interceptor\dll\openssl_types.h(23,47): error C2065: 'SSL_CTX': undeclared identifier [C:\Users\selaf\CascadeProjects\ai-traffic-interceptor-2\ai-traffic-interceptor\build\dll\ai_hook.vcxproj]
  (compiling source file '../../dll/hooks.cpp')
  
C:\Users\selaf\CascadeProjects\ai-traffic-interceptor-2\ai-traffic-interceptor\dll\openssl_types.h(23,56): error C2065: 'ctx': undeclared identifier [C:\Users\selaf\CascadeProjects\ai-traffic-interceptor-2\ai-traffic-interceptor\build\dll\ai_hook.vcxproj]
  (compiling source file '../../dll/hooks.cpp')
  
C:\Users\selaf\CascadeProjects\ai-traffic-interceptor-2\ai-traffic-interceptor\dll\openssl_types.h(23,61): error C2275: 'ssl_keylog_callback_func_t': expected an expression instead of a type [C:\Users\selaf\CascadeProjects\ai-traffic-interceptor-2\ai-traffic-interceptor\build\dll\ai_hook.vcxproj]
  (compiling source file '../../dll/hooks.cpp')
  
C:\Users\selaf\CascadeProjects\ai-traffic-interceptor-2\ai-traffic-interceptor\dll\openssl_types.h(23,88): error C2146: syntax error: missing ')' before identifier 'cb' [C:\Users\selaf\CascadeProjects\ai-traffic-interceptor-2\ai-traffic-interceptor\build\dll\ai_hook.vcxproj]
  (compiling source file '../../dll/hooks.cpp')
  
C:\Users\selaf\CascadeProjects\ai-traffic-interceptor-2\ai-traffic-interceptor\dll\openssl_types.h(27,27): error C2065: 'SSL_CTX': undeclared identifier [C:\Users\selaf\CascadeProjects\ai-traffic-interceptor-2\ai-traffic-interceptor\build\dll\ai_hook.vcxproj]
  (compiling source file '../../dll/hooks.cpp')
  
C:\Users\selaf\CascadeProjects\ai-traffic-interceptor-2\ai-traffic-interceptor\dll\openssl_types.h(27,36): error C2065: 'ctx': undeclared identifier [C:\Users\selaf\CascadeProjects\ai-traffic-interceptor-2\ai-traffic-interceptor\build\dll\ai_hook.vcxproj]
  (compiling source file '../../dll/hooks.cpp')
  
C:\Users\selaf\CascadeProjects\ai-traffic-interceptor-2\ai-traffic-interceptor\dll\openssl_types.h(27,16): error C2513: 'SSL **': no variable declared before '=' [C:\Users\selaf\CascadeProjects\ai-traffic-interceptor-2\ai-traffic-interceptor\build\dll\ai_hook.vcxproj]
  (compiling source file '../../dll/hooks.cpp')
  
C:\Users\selaf\CascadeProjects\ai-traffic-interceptor-2\ai-traffic-interceptor\dll\hooks.cpp(34,8): error C4430: missing type specifier - int assumed. Note: C++ does not support default-int [C:\Users\selaf\CascadeProjects\ai-traffic-interceptor-2\ai-traffic-interceptor\build\dll\ai_hook.vcxproj]
C:\Users\selaf\CascadeProjects\ai-traffic-interceptor-2\ai-traffic-interceptor\dll\hooks.cpp(34,38): error C2146: syntax error: missing ';' before identifier 'Real_SSL_CTX_set_keylog_callback' [C:\Users\selaf\CascadeProjects\ai-traffic-interceptor-2\ai-traffic-interceptor\build\dll\ai_hook.vcxproj]
C:\Users\selaf\CascadeProjects\ai-traffic-interceptor-2\ai-traffic-interceptor\dll\hooks.cpp(34,71): error C2059: syntax error: '=' [C:\Users\selaf\CascadeProjects\ai-traffic-interceptor-2\ai-traffic-interceptor\build\dll\ai_hook.vcxproj]
C:\Users\selaf\CascadeProjects\ai-traffic-interceptor-2\ai-traffic-interceptor\dll\hooks.cpp(37,13): error C2039: 'set': is not a member of 'std' [C:\Users\selaf\CascadeProjects\ai-traffic-interceptor-2\ai-traffic-interceptor\build\dll\ai_hook.vcxproj]
      C:\Program Files\Microsoft Visual Studio\2022\Enterprise\VC\Tools\MSVC\14.44.35207\include\iomanip(22,1):
      see declaration of 'std'
  
C:\Users\selaf\CascadeProjects\ai-traffic-interceptor-2\ai-traffic-interceptor\dll\hooks.cpp(37,16): error C2143: syntax error: missing ';' before '<' [C:\Users\selaf\CascadeProjects\ai-traffic-interceptor-2\ai-traffic-interceptor\build\dll\ai_hook.vcxproj]
C:\Users\selaf\CascadeProjects\ai-traffic-interceptor-2\ai-traffic-interceptor\dll\hooks.cpp(37,13): error C4430: missing type specifier - int assumed. Note: C++ does not support default-int [C:\Users\selaf\CascadeProjects\ai-traffic-interceptor-2\ai-traffic-interceptor\build\dll\ai_hook.vcxproj]
C:\Users\selaf\CascadeProjects\ai-traffic-interceptor-2\ai-traffic-interceptor\dll\hooks.cpp(37,16): error C2059: syntax error: '<' [C:\Users\selaf\CascadeProjects\ai-traffic-interceptor-2\ai-traffic-interceptor\build\dll\ai_hook.vcxproj]
C:\Users\selaf\CascadeProjects\ai-traffic-interceptor-2\ai-traffic-interceptor\dll\hooks.cpp(58,9): error C2664: 'SECURITY_STATUS (LPWSTR,LPWSTR,unsigned long,void *,void *,SEC_GET_KEY_FN,void *,PCredHandle,PTimeStamp)': cannot convert argument 6 from 'PVOID' to 'SEC_GET_KEY_FN' [C:\Users\selaf\CascadeProjects\ai-traffic-interceptor-2\ai-traffic-interceptor\build\dll\ai_hook.vcxproj]
      C:\Users\selaf\CascadeProjects\ai-traffic-interceptor-2\ai-traffic-interceptor\dll\hooks.cpp(58,9):
      Types pointed to are unrelated; conversion requires reinterpret_cast, C-style cast or parenthesized function-style cast
  
C:\Users\selaf\CascadeProjects\ai-traffic-interceptor-2\ai-traffic-interceptor\dll\hooks.cpp(71,39): error C2065: 'SCH_CRED_ALPN_ENABLED': undeclared identifier [C:\Users\selaf\CascadeProjects\ai-traffic-interceptor-2\ai-traffic-interceptor\build\dll\ai_hook.vcxproj]
C:\Users\selaf\CascadeProjects\ai-traffic-interceptor-2\ai-traffic-interceptor\dll\hooks.cpp(72,41): error C2065: 'SCHANNEL_CRED_VERSION_APPLICATION_PROTOCOLS': undeclared identifier [C:\Users\selaf\CascadeProjects\ai-traffic-interceptor-2\ai-traffic-interceptor\build\dll\ai_hook.vcxproj]
C:\Users\selaf\CascadeProjects\ai-traffic-interceptor-2\ai-traffic-interceptor\dll\hooks.cpp(73,28): error C2039: 'cApplicationProtocols': is not a member of '_SCHANNEL_CRED' [C:\Users\selaf\CascadeProjects\ai-traffic-interceptor-2\ai-traffic-interceptor\build\dll\ai_hook.vcxproj]
      C:\Program Files (x86)\Windows Kits\10\Include\10.0.26100.0\um\schannel.h(387,16):
      see declaration of '_SCHANNEL_CRED'
  
C:\Users\selaf\CascadeProjects\ai-traffic-interceptor-2\ai-traffic-interceptor\dll\hooks.cpp(74,28): error C2039: 'pApplicationProtocols': is not a member of '_SCHANNEL_CRED' [C:\Users\selaf\CascadeProjects\ai-traffic-interceptor-2\ai-traffic-interceptor\build\dll\ai_hook.vcxproj]
      C:\Program Files (x86)\Windows Kits\10\Include\10.0.26100.0\um\schannel.h(387,16):
      see declaration of '_SCHANNEL_CRED'
  
C:\Users\selaf\CascadeProjects\ai-traffic-interceptor-2\ai-traffic-interceptor\dll\hooks.cpp(77,71): error C2039: 'pApplicationProtocols': is not a member of '_SCHANNEL_CRED' [C:\Users\selaf\CascadeProjects\ai-traffic-interceptor-2\ai-traffic-interceptor\build\dll\ai_hook.vcxproj]
      C:\Program Files (x86)\Windows Kits\10\Include\10.0.26100.0\um\schannel.h(387,16):
      see declaration of '_SCHANNEL_CRED'
  
C:\Users\selaf\CascadeProjects\ai-traffic-interceptor-2\ai-traffic-interceptor\dll\hooks.cpp(78,28): error C2039: 'ProtocolNegoExt': is not a member of '_SEC_APPLICATION_PROTOCOL_LIST' [C:\Users\selaf\CascadeProjects\ai-traffic-interceptor-2\ai-traffic-interceptor\build\dll\ai_hook.vcxproj]
      C:\Program Files (x86)\Windows Kits\10\Include\10.0.26100.0\shared\sspi.h(450,16):
      see declaration of '_SEC_APPLICATION_PROTOCOL_LIST'
  
C:\Users\selaf\CascadeProjects\ai-traffic-interceptor-2\ai-traffic-interceptor\dll\hooks.cpp(102,45): error C2065: 'SCH_CRED_ALPN_ENABLED': undeclared identifier [C:\Users\selaf\CascadeProjects\ai-traffic-interceptor-2\ai-traffic-interceptor\build\dll\ai_hook.vcxproj]
C:\Users\selaf\CascadeProjects\ai-traffic-interceptor-2\ai-traffic-interceptor\dll\hooks.cpp(111,9): error C3861: 'CreateAndSendEvent': identifier not found [C:\Users\selaf\CascadeProjects\ai-traffic-interceptor-2\ai-traffic-interceptor\build\dll\ai_hook.vcxproj]
C:\Users\selaf\CascadeProjects\ai-traffic-interceptor-2\ai-traffic-interceptor\dll\hooks.cpp(139,39): error C2065: 'WINHTTP_QUERY_URL': undeclared identifier [C:\Users\selaf\CascadeProjects\ai-traffic-interceptor-2\ai-traffic-interceptor\build\dll\ai_hook.vcxproj]
C:\Users\selaf\CascadeProjects\ai-traffic-interceptor-2\ai-traffic-interceptor\dll\hooks.cpp(141,39): error C2065: 'WINHTTP_QUERY_URL': undeclared identifier [C:\Users\selaf\CascadeProjects\ai-traffic-interceptor-2\ai-traffic-interceptor\build\dll\ai_hook.vcxproj]
C:\Users\selaf\CascadeProjects\ai-traffic-interceptor-2\ai-traffic-interceptor\dll\hooks.cpp(151,39): error C2065: 'WINHTTP_QUERY_URL': undeclared identifier [C:\Users\selaf\CascadeProjects\ai-traffic-interceptor-2\ai-traffic-interceptor\build\dll\ai_hook.vcxproj]
C:\Users\selaf\CascadeProjects\ai-traffic-interceptor-2\ai-traffic-interceptor\dll\hooks.cpp(153,39): error C2065: 'WINHTTP_QUERY_URL': undeclared identifier [C:\Users\selaf\CascadeProjects\ai-traffic-interceptor-2\ai-traffic-interceptor\build\dll\ai_hook.vcxproj]
C:\Users\selaf\CascadeProjects\ai-traffic-interceptor-2\ai-traffic-interceptor\dll\hooks.cpp(159,96): error C2061: syntax error: identifier 'DQNORD' [C:\Users\selaf\CascadeProjects\ai-traffic-interceptor-2\ai-traffic-interceptor\build\dll\ai_hook.vcxproj]
C:\Users\selaf\CascadeProjects\ai-traffic-interceptor-2\ai-traffic-interceptor\dll\hooks.cpp(160,14): error C2065: 'l': undeclared identifier [C:\Users\selaf\CascadeProjects\ai-traffic-interceptor-2\ai-traffic-interceptor\build\dll\ai_hook.vcxproj]
C:\Users\selaf\CascadeProjects\ai-traffic-interceptor-2\ai-traffic-interceptor\dll\hooks.cpp(162,60): error C2065: 'l': undeclared identifier [C:\Users\selaf\CascadeProjects\ai-traffic-interceptor-2\ai-traffic-interceptor\build\dll\ai_hook.vcxproj]
C:\Users\selaf\CascadeProjects\ai-traffic-interceptor-2\ai-traffic-interceptor\dll\hooks.cpp(164,47): error C2065: 'l': undeclared identifier [C:\Users\selaf\CascadeProjects\ai-traffic-interceptor-2\ai-traffic-interceptor\build\dll\ai_hook.vcxproj]
C:\Users\selaf\CascadeProjects\ai-traffic-interceptor-2\ai-traffic-interceptor\dll\hooks.cpp(224,19): error C2065: 'SSL_CTX': undeclared identifier [C:\Users\selaf\CascadeProjects\ai-traffic-interceptor-2\ai-traffic-interceptor\build\dll\ai_hook.vcxproj]
C:\Users\selaf\CascadeProjects\ai-traffic-interceptor-2\ai-traffic-interceptor\dll\hooks.cpp(224,28): error C2065: 'ctx': undeclared identifier [C:\Users\selaf\CascadeProjects\ai-traffic-interceptor-2\ai-traffic-interceptor\build\dll\ai_hook.vcxproj]
C:\Users\selaf\CascadeProjects\ai-traffic-interceptor-2\ai-traffic-interceptor\dll\hooks.cpp(224,33): error C2143: syntax error: missing ';' before '{' [C:\Users\selaf\CascadeProjects\ai-traffic-interceptor-2\ai-traffic-interceptor\build\dll\ai_hook.vcxproj]
C:\Users\selaf\CascadeProjects\ai-traffic-interceptor-2\ai-traffic-interceptor\dll\hooks.cpp(226,5): error C2059: syntax error: 'if' [C:\Users\selaf\CascadeProjects\ai-traffic-interceptor-2\ai-traffic-interceptor\build\dll\ai_hook.vcxproj]
C:\Users\selaf\CascadeProjects\ai-traffic-interceptor-2\ai-traffic-interceptor\dll\hooks.cpp(226,23): error C2143: syntax error: missing ';' before '{' [C:\Users\selaf\CascadeProjects\ai-traffic-interceptor-2\ai-traffic-interceptor\build\dll\ai_hook.vcxproj]
C:\Users\selaf\CascadeProjects\ai-traffic-interceptor-2\ai-traffic-interceptor\dll\hooks.cpp(226,23): error C2447: '{': missing function header (old-style formal list?) [C:\Users\selaf\CascadeProjects\ai-traffic-interceptor-2\ai-traffic-interceptor\build\dll\ai_hook.vcxproj]
C:\Users\selaf\CascadeProjects\ai-traffic-interceptor-2\ai-traffic-interceptor\dll\hooks.cpp(230,5): error C2059: syntax error: 'if' [C:\Users\selaf\CascadeProjects\ai-traffic-interceptor-2\ai-traffic-interceptor\build\dll\ai_hook.vcxproj]
C:\Users\selaf\CascadeProjects\ai-traffic-interceptor-2\ai-traffic-interceptor\dll\hooks.cpp(230,65): error C2143: syntax error: missing ';' before '{' [C:\Users\selaf\CascadeProjects\ai-traffic-interceptor-2\ai-traffic-interceptor\build\dll\ai_hook.vcxproj]
C:\Users\selaf\CascadeProjects\ai-traffic-interceptor-2\ai-traffic-interceptor\dll\hooks.cpp(230,65): error C2447: '{': missing function header (old-style formal list?) [C:\Users\selaf\CascadeProjects\ai-traffic-interceptor-2\ai-traffic-interceptor\build\dll\ai_hook.vcxproj]
C:\Users\selaf\CascadeProjects\ai-traffic-interceptor-2\ai-traffic-interceptor\dll\hooks.cpp(238,5): error C2059: syntax error: 'return' [C:\Users\selaf\CascadeProjects\ai-traffic-interceptor-2\ai-traffic-interceptor\build\dll\ai_hook.vcxproj]
C:\Users\selaf\CascadeProjects\ai-traffic-interceptor-2\ai-traffic-interceptor\dll\hooks.cpp(239,1): error C2059: syntax error: '}' [C:\Users\selaf\CascadeProjects\ai-traffic-interceptor-2\ai-traffic-interceptor\build\dll\ai_hook.vcxproj]
C:\Users\selaf\CascadeProjects\ai-traffic-interceptor-2\ai-traffic-interceptor\dll\hooks.cpp(239,1): error C2143: syntax error: missing ';' before '}' [C:\Users\selaf\CascadeProjects\ai-traffic-interceptor-2\ai-traffic-interceptor\build\dll\ai_hook.vcxproj]
C:\Users\selaf\CascadeProjects\ai-traffic-interceptor-2\ai-traffic-interceptor\dll\hooks.cpp(242,127): error C2143: syntax error: missing ';' before '{' [C:\Users\selaf\CascadeProjects\ai-traffic-interceptor-2\ai-traffic-interceptor\build\dll\ai_hook.vcxproj]
C:\Users\selaf\CascadeProjects\ai-traffic-interceptor-2\ai-traffic-interceptor\dll\hooks.cpp(242,127): error C2447: '{': missing function header (old-style formal list?) [C:\Users\selaf\CascadeProjects\ai-traffic-interceptor-2\ai-traffic-interceptor\build\dll\ai_hook.vcxproj]
C:\Users\selaf\CascadeProjects\ai-traffic-interceptor-2\ai-traffic-interceptor\dll\hooks.cpp(287,39): error C3861: 'JsonParse': identifier not found [C:\Users\selaf\CascadeProjects\ai-traffic-interceptor-2\ai-traffic-interceptor\build\dll\ai_hook.vcxproj]
C:\Users\selaf\CascadeProjects\ai-traffic-interceptor-2\ai-traffic-interceptor\dll\hooks.cpp(297,29): error C3536: 'payload': cannot be used before it is initialized [C:\Users\selaf\CascadeProjects\ai-traffic-interceptor-2\ai-traffic-interceptor\build\dll\ai_hook.vcxproj]
C:\Users\selaf\CascadeProjects\ai-traffic-interceptor-2\ai-traffic-interceptor\dll\hooks.cpp(338,6): error C2601: 'TryGetSslFunctionsFromExports': local function definitions are illegal [C:\Users\selaf\CascadeProjects\ai-traffic-interceptor-2\ai-traffic-interceptor\build\dll\ai_hook.vcxproj]
      C:\Users\selaf\CascadeProjects\ai-traffic-interceptor-2\ai-traffic-interceptor\dll\hooks.cpp(274,82):
      this line contains a '{' which has not yet been matched
  
C:\Users\selaf\CascadeProjects\ai-traffic-interceptor-2\ai-traffic-interceptor\dll\hooks.cpp(375,6): error C2601: 'InstallSslHooks': local function definitions are illegal [C:\Users\selaf\CascadeProjects\ai-traffic-interceptor-2\ai-traffic-interceptor\build\dll\ai_hook.vcxproj]
      C:\Users\selaf\CascadeProjects\ai-traffic-interceptor-2\ai-traffic-interceptor\dll\hooks.cpp(274,82):
      this line contains a '{' which has not yet been matched
  
C:\Users\selaf\CascadeProjects\ai-traffic-interceptor-2\ai-traffic-interceptor\dll\hooks.cpp(537,44): error C2065: 'hChrome': undeclared identifier [C:\Users\selaf\CascadeProjects\ai-traffic-interceptor-2\ai-traffic-interceptor\build\dll\ai_hook.vcxproj]
C:\Users\selaf\CascadeProjects\ai-traffic-interceptor-2\ai-traffic-interceptor\dll\hooks.cpp(538,53): error C2065: 'hChrome': undeclared identifier [C:\Users\selaf\CascadeProjects\ai-traffic-interceptor-2\ai-traffic-interceptor\build\dll\ai_hook.vcxproj]
C:\Users\selaf\CascadeProjects\ai-traffic-interceptor-2\ai-traffic-interceptor\dll\hooks.cpp(539,43): error C2065: 'hChrome': undeclared identifier [C:\Users\selaf\CascadeProjects\ai-traffic-interceptor-2\ai-traffic-interceptor\build\dll\ai_hook.vcxproj]
C:\Users\selaf\CascadeProjects\ai-traffic-interceptor-2\ai-traffic-interceptor\dll\hooks.cpp(362,18): error C2065: 'Real_SSL_CTX_set_keylog_callback': undeclared identifier [C:\Users\selaf\CascadeProjects\ai-traffic-interceptor-2\ai-traffic-interceptor\build\dll\ai_hook.vcxproj]
C:\Users\selaf\CascadeProjects\ai-traffic-interceptor-2\ai-traffic-interceptor\dll\hooks.cpp(362,52): error C2065: 'Real_SSL_CTX_set_keylog_callback': undeclared identifier [C:\Users\selaf\CascadeProjects\ai-traffic-interceptor-2\ai-traffic-interceptor\build\dll\ai_hook.vcxproj]
C:\Users\selaf\CascadeProjects\ai-traffic-interceptor-2\ai-traffic-interceptor\dll\hooks.cpp(362,118): error C2146: syntax error: missing ';' before identifier 'GetProcAddress' [C:\Users\selaf\CascadeProjects\ai-traffic-interceptor-2\ai-traffic-interceptor\build\dll\ai_hook.vcxproj]
C:\Users\selaf\CascadeProjects\ai-traffic-interceptor-2\ai-traffic-interceptor\dll\hooks.cpp(367,52): error C2065: 'Real_SSL_CTX_set_keylog_callback': undeclared identifier [C:\Users\selaf\CascadeProjects\ai-traffic-interceptor-2\ai-traffic-interceptor\build\dll\ai_hook.vcxproj]
C:\Users\selaf\CascadeProjects\ai-traffic-interceptor-2\ai-traffic-interceptor\dll\hooks.cpp(377,5): error C3861: 'TryGetSslFunctionsFromExports': identifier not found [C:\Users\selaf\CascadeProjects\ai-traffic-interceptor-2\ai-traffic-interceptor\build\dll\ai_hook.vcxproj]
C:\Users\selaf\CascadeProjects\ai-traffic-interceptor-2\ai-traffic-interceptor\dll\hooks.cpp(381,40): error C2664: 'HMODULE GetModuleHandleA(LPCSTR)': cannot convert argument 1 from 'const wchar_t [11]' to 'LPCSTR' [C:\Users\selaf\CascadeProjects\ai-traffic-interceptor-2\ai-traffic-interceptor\build\dll\ai_hook.vcxproj]
      C:\Users\selaf\CascadeProjects\ai-traffic-interceptor-2\ai-traffic-interceptor\dll\hooks.cpp(381,56):
      Types pointed to are unrelated; conversion requires reinterpret_cast, C-style cast or parenthesized function-style cast
      C:\Program Files (x86)\Windows Kits\10\Include\10.0.26100.0\um\libloaderapi.h(236,1):
      see declaration of 'GetModuleHandleA'
      C:\Users\selaf\CascadeProjects\ai-traffic-interceptor-2\ai-traffic-interceptor\dll\hooks.cpp(381,40):
      while trying to match the argument list '(const wchar_t [11])'
  
C:\Users\selaf\CascadeProjects\ai-traffic-interceptor-2\ai-traffic-interceptor\dll\hooks.cpp(392,96): error C2065: 'Real_SSL_CTX_set_keylog_callback': undeclared identifier [C:\Users\selaf\CascadeProjects\ai-traffic-interceptor-2\ai-traffic-interceptor\build\dll\ai_hook.vcxproj]
C:\Users\selaf\CascadeProjects\ai-traffic-interceptor-2\ai-traffic-interceptor\dll\hooks.cpp(440,10): error C2065: 'Real_SSL_CTX_set_keylog_callback': undeclared identifier [C:\Users\selaf\CascadeProjects\ai-traffic-interceptor-2\ai-traffic-interceptor\build\dll\ai_hook.vcxproj]
C:\Users\selaf\CascadeProjects\ai-traffic-interceptor-2\ai-traffic-interceptor\dll\hooks.cpp(442,47): error C2065: 'Real_SSL_CTX_set_keylog_callback': undeclared identifier [C:\Users\selaf\CascadeProjects\ai-traffic-interceptor-2\ai-traffic-interceptor\build\dll\ai_hook.vcxproj]
C:\Users\selaf\CascadeProjects\ai-traffic-interceptor-2\ai-traffic-interceptor\dll\hooks.cpp(442,113): error C2146: syntax error: missing ';' before identifier 'ssl_ctx_set_keylog_callback_addr' [C:\Users\selaf\CascadeProjects\ai-traffic-interceptor-2\ai-traffic-interceptor\build\dll\ai_hook.vcxproj]
C:\Users\selaf\CascadeProjects\ai-traffic-interceptor-2\ai-traffic-interceptor\dll\hooks.cpp(443,9): error C2181: illegal else without matching if [C:\Users\selaf\CascadeProjects\ai-traffic-interceptor-2\ai-traffic-interceptor\build\dll\ai_hook.vcxproj]
C:\Users\selaf\CascadeProjects\ai-traffic-interceptor-2\ai-traffic-interceptor\dll\hooks.cpp(470,13): error C2065: 'Real_SSL_CTX_set_keylog_callback': undeclared identifier [C:\Users\selaf\CascadeProjects\ai-traffic-interceptor-2\ai-traffic-interceptor\build\dll\ai_hook.vcxproj]
C:\Users\selaf\CascadeProjects\ai-traffic-interceptor-2\ai-traffic-interceptor\dll\hooks.cpp(573,5): error C3861: 'InstallSslHooks': identifier not found [C:\Users\selaf\CascadeProjects\ai-traffic-interceptor-2\ai-traffic-interceptor\build\dll\ai_hook.vcxproj]
C:\Users\selaf\CascadeProjects\ai-traffic-interceptor-2\ai-traffic-interceptor\dll\hooks.cpp(576,48): error C2065: 'Mine_EncryptMessage': undeclared identifier [C:\Users\selaf\CascadeProjects\ai-traffic-interceptor-2\ai-traffic-interceptor\build\dll\ai_hook.vcxproj]
C:\Users\selaf\CascadeProjects\ai-traffic-interceptor-2\ai-traffic-interceptor\dll\hooks.cpp(625,5): error C2065: 'g_processed_ssl_contexts': undeclared identifier [C:\Users\selaf\CascadeProjects\ai-traffic-interceptor-2\ai-traffic-interceptor\build\dll\ai_hook.vcxproj]
C:\Users\selaf\CascadeProjects\ai-traffic-interceptor-2\ai-traffic-interceptor\dll\hooks.cpp(628,91): error C2065: 'Mine_EncryptMessage': undeclared identifier [C:\Users\selaf\CascadeProjects\ai-traffic-interceptor-2\ai-traffic-interceptor\build\dll\ai_hook.vcxproj]
C:\Users\selaf\CascadeProjects\ai-traffic-interceptor-2\ai-traffic-interceptor\dll\hooks.cpp(635,5): error C4430: missing type specifier - int assumed. Note: C++ does not support default-int [C:\Users\selaf\CascadeProjects\ai-traffic-interceptor-2\ai-traffic-interceptor\build\dll\ai_hook.vcxproj]
C:\Users\selaf\CascadeProjects\ai-traffic-interceptor-2\ai-traffic-interceptor\dll\hooks.cpp(635,5): error C2556: 'int DetourTransactionCommit(void)': overloaded function differs only by return type from 'LONG DetourTransactionCommit(void)' [C:\Users\selaf\CascadeProjects\ai-traffic-interceptor-2\ai-traffic-interceptor\build\dll\ai_hook.vcxproj]
      C:\Users\selaf\CascadeProjects\ai-traffic-interceptor-2\ai-traffic-interceptor\external\detours\src\detours.h(565,13):
      see declaration of 'DetourTransactionCommit'
  
C:\Users\selaf\CascadeProjects\ai-traffic-interceptor-2\ai-traffic-interceptor\dll\hooks.cpp(635,5): error C2371: 'DetourTransactionCommit': redefinition; different basic types [C:\Users\selaf\CascadeProjects\ai-traffic-interceptor-2\ai-traffic-interceptor\build\dll\ai_hook.vcxproj]
      C:\Users\selaf\CascadeProjects\ai-traffic-interceptor-2\ai-traffic-interceptor\external\detours\src\detours.h(565,13):
      see declaration of 'DetourTransactionCommit'
  
C:\Users\selaf\CascadeProjects\ai-traffic-interceptor-2\ai-traffic-interceptor\dll\hooks.cpp(636,1): error C2059: syntax error: '}' [C:\Users\selaf\CascadeProjects\ai-traffic-interceptor-2\ai-traffic-interceptor\build\dll\ai_hook.vcxproj]
C:\Users\selaf\CascadeProjects\ai-traffic-interceptor-2\ai-traffic-interceptor\dll\hooks.cpp(636,1): error C2143: syntax error: missing ';' before '}' [C:\Users\selaf\CascadeProjects\ai-traffic-interceptor-2\ai-traffic-interceptor\build\dll\ai_hook.vcxproj]
